// Vitest Snapshot v1, https://vitest.dev/guide/snapshot.html

exports[`AlbumInfo > should match snapshot 1`] = `
{
  "asFragment": [Function],
  "baseElement": <body>
    <div>
      <div
        class="MuiSheet-root MuiSheet-variantPlain MuiSheet-colorNeutral MuiStack-root css-14do4xl-JoySheet-root-JoyStack-root"
      >
        <div
          class="MuiStack-root css-f9pi93-JoyStack-root"
        >
          <span
            class="MuiCircularProgress-root MuiCircularProgress-colorPrimary MuiCircularProgress-variantSoft MuiCircularProgress-sizeMd css-1edod6u-JoyCircularProgress-root"
            role="progressbar"
            style="--CircularProgress-percent: 25;"
          >
            <svg
              class="MuiCircularProgress-svg css-qw6zo9-JoyCircularProgress-svg"
            >
              <circle
                class="MuiCircularProgress-track css-vtf6ih-JoyCircularProgress-track"
              />
              <circle
                class="MuiCircularProgress-progress css-glg1l6-JoyCircularProgress-progress"
              />
            </svg>
          </span>
          <img
            alt="Title album cover"
            src="Image"
            style="opacity: 0; height: 500px; width: 500px;"
          />
        </div>
        <div
          class="MuiStack-root css-1yzxy35-JoyStack-root"
        >
          <h2
            class="MuiTypography-root MuiTypography-display2 css-1wfxjn2-JoyTypography-root"
          >
            Title
          </h2>
          <h2
            class="MuiTypography-root MuiTypography-h2 css-12p2gi2-JoyTypography-root"
          >
            Artist
          </h2>
        </div>
      </div>
    </div>
  </body>,
  "container": <div>
    <div
      class="MuiSheet-root MuiSheet-variantPlain MuiSheet-colorNeutral MuiStack-root css-14do4xl-JoySheet-root-JoyStack-root"
    >
      <div
        class="MuiStack-root css-f9pi93-JoyStack-root"
      >
        <span
          class="MuiCircularProgress-root MuiCircularProgress-colorPrimary MuiCircularProgress-variantSoft MuiCircularProgress-sizeMd css-1edod6u-JoyCircularProgress-root"
          role="progressbar"
          style="--CircularProgress-percent: 25;"
        >
          <svg
            class="MuiCircularProgress-svg css-qw6zo9-JoyCircularProgress-svg"
          >
            <circle
              class="MuiCircularProgress-track css-vtf6ih-JoyCircularProgress-track"
            />
            <circle
              class="MuiCircularProgress-progress css-glg1l6-JoyCircularProgress-progress"
            />
          </svg>
        </span>
        <img
          alt="Title album cover"
          src="Image"
          style="opacity: 0; height: 500px; width: 500px;"
        />
      </div>
      <div
        class="MuiStack-root css-1yzxy35-JoyStack-root"
      >
        <h2
          class="MuiTypography-root MuiTypography-display2 css-1wfxjn2-JoyTypography-root"
        >
          Title
        </h2>
        <h2
          class="MuiTypography-root MuiTypography-h2 css-12p2gi2-JoyTypography-root"
        >
          Artist
        </h2>
      </div>
    </div>
  </div>,
  "debug": [Function],
  "findAllByAltText": [Function],
  "findAllByDisplayValue": [Function],
  "findAllByLabelText": [Function],
  "findAllByPlaceholderText": [Function],
  "findAllByRole": [Function],
  "findAllByTestId": [Function],
  "findAllByText": [Function],
  "findAllByTitle": [Function],
  "findByAltText": [Function],
  "findByDisplayValue": [Function],
  "findByLabelText": [Function],
  "findByPlaceholderText": [Function],
  "findByRole": [Function],
  "findByTestId": [Function],
  "findByText": [Function],
  "findByTitle": [Function],
  "getAllByAltText": [Function],
  "getAllByDisplayValue": [Function],
  "getAllByLabelText": [Function],
  "getAllByPlaceholderText": [Function],
  "getAllByRole": [Function],
  "getAllByTestId": [Function],
  "getAllByText": [Function],
  "getAllByTitle": [Function],
  "getByAltText": [Function],
  "getByDisplayValue": [Function],
  "getByLabelText": [Function],
  "getByPlaceholderText": [Function],
  "getByRole": [Function],
  "getByTestId": [Function],
  "getByText": [Function],
  "getByTitle": [Function],
  "queryAllByAltText": [Function],
  "queryAllByDisplayValue": [Function],
  "queryAllByLabelText": [Function],
  "queryAllByPlaceholderText": [Function],
  "queryAllByRole": [Function],
  "queryAllByTestId": [Function],
  "queryAllByText": [Function],
  "queryAllByTitle": [Function],
  "queryByAltText": [Function],
  "queryByDisplayValue": [Function],
  "queryByLabelText": [Function],
  "queryByPlaceholderText": [Function],
  "queryByRole": [Function],
  "queryByTestId": [Function],
  "queryByText": [Function],
  "queryByTitle": [Function],
  "rerender": [Function],
  "unmount": [Function],
}
`;
