// Vitest Snapshot v1, https://vitest.dev/guide/snapshot.html

exports[`CommentsSection > should match snapshot 1`] = `
{
  "asFragment": [Function],
  "baseElement": <body>
    <div>
      <h4
        class="MuiTypography-root MuiTypography-h4 css-nk02qn-JoyTypography-root"
      >
        Comments
      </h4>
      <hr
        class="MuiDivider-root MuiDivider-horizontal css-10w8je6-JoyDivider-root"
      />
      <article
        class="MuiStack-root css-19myurg-JoyStack-root"
        data-testid="comment-skeleton"
      >
        <div
          class="MuiStack-root css-1fpcv8p-JoyStack-root"
        >
          <div
            class="MuiAvatar-root MuiAvatar-variantSolid MuiAvatar-colorNeutral MuiAvatar-sizeMd css-ayhc9u-JoyAvatar-root"
          >
            <svg
              aria-hidden="true"
              class="MuiSvgIcon-root MuiSvgIcon-colorInherit MuiSvgIcon-fontSizeXl MuiAvatar-fallback css-31hyst-JoySvgIcon-root-JoyAvatar-fallback"
              data-testid="PersonIcon"
              focusable="false"
              viewBox="0 0 24 24"
            >
              <path
                d="M12 12c2.21 0 4-1.79 4-4s-1.79-4-4-4-4 1.79-4 4 1.79 4 4 4zm0 2c-2.67 0-8 1.34-8 4v2h16v-2c0-2.66-5.33-4-8-4z"
              />
            </svg>
          </div>
          <div
            class="MuiBox-root css-5xjxzk"
          />
        </div>
        <div
          class="MuiStack-root css-1bf8ut2-JoyStack-root"
        >
          <div
            class="MuiBox-root css-5xjxzk"
          />
          <div
            class="MuiBox-root css-1v04on9"
          />
        </div>
        <div
          class="MuiBox-root css-5xjxzk"
        />
      </article>
      <article
        class="MuiStack-root css-19myurg-JoyStack-root"
        data-testid="comment-skeleton"
      >
        <div
          class="MuiStack-root css-1fpcv8p-JoyStack-root"
        >
          <div
            class="MuiAvatar-root MuiAvatar-variantSolid MuiAvatar-colorNeutral MuiAvatar-sizeMd css-ayhc9u-JoyAvatar-root"
          >
            <svg
              aria-hidden="true"
              class="MuiSvgIcon-root MuiSvgIcon-colorInherit MuiSvgIcon-fontSizeXl MuiAvatar-fallback css-31hyst-JoySvgIcon-root-JoyAvatar-fallback"
              data-testid="PersonIcon"
              focusable="false"
              viewBox="0 0 24 24"
            >
              <path
                d="M12 12c2.21 0 4-1.79 4-4s-1.79-4-4-4-4 1.79-4 4 1.79 4 4 4zm0 2c-2.67 0-8 1.34-8 4v2h16v-2c0-2.66-5.33-4-8-4z"
              />
            </svg>
          </div>
          <div
            class="MuiBox-root css-5xjxzk"
          />
        </div>
        <div
          class="MuiStack-root css-1bf8ut2-JoyStack-root"
        >
          <div
            class="MuiBox-root css-5xjxzk"
          />
          <div
            class="MuiBox-root css-1v04on9"
          />
        </div>
        <div
          class="MuiBox-root css-5xjxzk"
        />
      </article>
      <article
        class="MuiStack-root css-19myurg-JoyStack-root"
        data-testid="comment-skeleton"
      >
        <div
          class="MuiStack-root css-1fpcv8p-JoyStack-root"
        >
          <div
            class="MuiAvatar-root MuiAvatar-variantSolid MuiAvatar-colorNeutral MuiAvatar-sizeMd css-ayhc9u-JoyAvatar-root"
          >
            <svg
              aria-hidden="true"
              class="MuiSvgIcon-root MuiSvgIcon-colorInherit MuiSvgIcon-fontSizeXl MuiAvatar-fallback css-31hyst-JoySvgIcon-root-JoyAvatar-fallback"
              data-testid="PersonIcon"
              focusable="false"
              viewBox="0 0 24 24"
            >
              <path
                d="M12 12c2.21 0 4-1.79 4-4s-1.79-4-4-4-4 1.79-4 4 1.79 4 4 4zm0 2c-2.67 0-8 1.34-8 4v2h16v-2c0-2.66-5.33-4-8-4z"
              />
            </svg>
          </div>
          <div
            class="MuiBox-root css-5xjxzk"
          />
        </div>
        <div
          class="MuiStack-root css-1bf8ut2-JoyStack-root"
        >
          <div
            class="MuiBox-root css-5xjxzk"
          />
          <div
            class="MuiBox-root css-1v04on9"
          />
        </div>
        <div
          class="MuiBox-root css-5xjxzk"
        />
      </article>
      <article
        class="MuiStack-root css-19myurg-JoyStack-root"
        data-testid="comment-skeleton"
      >
        <div
          class="MuiStack-root css-1fpcv8p-JoyStack-root"
        >
          <div
            class="MuiAvatar-root MuiAvatar-variantSolid MuiAvatar-colorNeutral MuiAvatar-sizeMd css-ayhc9u-JoyAvatar-root"
          >
            <svg
              aria-hidden="true"
              class="MuiSvgIcon-root MuiSvgIcon-colorInherit MuiSvgIcon-fontSizeXl MuiAvatar-fallback css-31hyst-JoySvgIcon-root-JoyAvatar-fallback"
              data-testid="PersonIcon"
              focusable="false"
              viewBox="0 0 24 24"
            >
              <path
                d="M12 12c2.21 0 4-1.79 4-4s-1.79-4-4-4-4 1.79-4 4 1.79 4 4 4zm0 2c-2.67 0-8 1.34-8 4v2h16v-2c0-2.66-5.33-4-8-4z"
              />
            </svg>
          </div>
          <div
            class="MuiBox-root css-5xjxzk"
          />
        </div>
        <div
          class="MuiStack-root css-1bf8ut2-JoyStack-root"
        >
          <div
            class="MuiBox-root css-5xjxzk"
          />
          <div
            class="MuiBox-root css-1v04on9"
          />
        </div>
        <div
          class="MuiBox-root css-5xjxzk"
        />
      </article>
      <article
        class="MuiStack-root css-19myurg-JoyStack-root"
        data-testid="comment-skeleton"
      >
        <div
          class="MuiStack-root css-1fpcv8p-JoyStack-root"
        >
          <div
            class="MuiAvatar-root MuiAvatar-variantSolid MuiAvatar-colorNeutral MuiAvatar-sizeMd css-ayhc9u-JoyAvatar-root"
          >
            <svg
              aria-hidden="true"
              class="MuiSvgIcon-root MuiSvgIcon-colorInherit MuiSvgIcon-fontSizeXl MuiAvatar-fallback css-31hyst-JoySvgIcon-root-JoyAvatar-fallback"
              data-testid="PersonIcon"
              focusable="false"
              viewBox="0 0 24 24"
            >
              <path
                d="M12 12c2.21 0 4-1.79 4-4s-1.79-4-4-4-4 1.79-4 4 1.79 4 4 4zm0 2c-2.67 0-8 1.34-8 4v2h16v-2c0-2.66-5.33-4-8-4z"
              />
            </svg>
          </div>
          <div
            class="MuiBox-root css-5xjxzk"
          />
        </div>
        <div
          class="MuiStack-root css-1bf8ut2-JoyStack-root"
        >
          <div
            class="MuiBox-root css-5xjxzk"
          />
          <div
            class="MuiBox-root css-1v04on9"
          />
        </div>
        <div
          class="MuiBox-root css-5xjxzk"
        />
      </article>
      <article
        class="MuiStack-root css-19myurg-JoyStack-root"
        data-testid="comment-skeleton"
      >
        <div
          class="MuiStack-root css-1fpcv8p-JoyStack-root"
        >
          <div
            class="MuiAvatar-root MuiAvatar-variantSolid MuiAvatar-colorNeutral MuiAvatar-sizeMd css-ayhc9u-JoyAvatar-root"
          >
            <svg
              aria-hidden="true"
              class="MuiSvgIcon-root MuiSvgIcon-colorInherit MuiSvgIcon-fontSizeXl MuiAvatar-fallback css-31hyst-JoySvgIcon-root-JoyAvatar-fallback"
              data-testid="PersonIcon"
              focusable="false"
              viewBox="0 0 24 24"
            >
              <path
                d="M12 12c2.21 0 4-1.79 4-4s-1.79-4-4-4-4 1.79-4 4 1.79 4 4 4zm0 2c-2.67 0-8 1.34-8 4v2h16v-2c0-2.66-5.33-4-8-4z"
              />
            </svg>
          </div>
          <div
            class="MuiBox-root css-5xjxzk"
          />
        </div>
        <div
          class="MuiStack-root css-1bf8ut2-JoyStack-root"
        >
          <div
            class="MuiBox-root css-5xjxzk"
          />
          <div
            class="MuiBox-root css-1v04on9"
          />
        </div>
        <div
          class="MuiBox-root css-5xjxzk"
        />
      </article>
      <article
        class="MuiStack-root css-19myurg-JoyStack-root"
        data-testid="comment-skeleton"
      >
        <div
          class="MuiStack-root css-1fpcv8p-JoyStack-root"
        >
          <div
            class="MuiAvatar-root MuiAvatar-variantSolid MuiAvatar-colorNeutral MuiAvatar-sizeMd css-ayhc9u-JoyAvatar-root"
          >
            <svg
              aria-hidden="true"
              class="MuiSvgIcon-root MuiSvgIcon-colorInherit MuiSvgIcon-fontSizeXl MuiAvatar-fallback css-31hyst-JoySvgIcon-root-JoyAvatar-fallback"
              data-testid="PersonIcon"
              focusable="false"
              viewBox="0 0 24 24"
            >
              <path
                d="M12 12c2.21 0 4-1.79 4-4s-1.79-4-4-4-4 1.79-4 4 1.79 4 4 4zm0 2c-2.67 0-8 1.34-8 4v2h16v-2c0-2.66-5.33-4-8-4z"
              />
            </svg>
          </div>
          <div
            class="MuiBox-root css-5xjxzk"
          />
        </div>
        <div
          class="MuiStack-root css-1bf8ut2-JoyStack-root"
        >
          <div
            class="MuiBox-root css-5xjxzk"
          />
          <div
            class="MuiBox-root css-1v04on9"
          />
        </div>
        <div
          class="MuiBox-root css-5xjxzk"
        />
      </article>
      <article
        class="MuiStack-root css-19myurg-JoyStack-root"
        data-testid="comment-skeleton"
      >
        <div
          class="MuiStack-root css-1fpcv8p-JoyStack-root"
        >
          <div
            class="MuiAvatar-root MuiAvatar-variantSolid MuiAvatar-colorNeutral MuiAvatar-sizeMd css-ayhc9u-JoyAvatar-root"
          >
            <svg
              aria-hidden="true"
              class="MuiSvgIcon-root MuiSvgIcon-colorInherit MuiSvgIcon-fontSizeXl MuiAvatar-fallback css-31hyst-JoySvgIcon-root-JoyAvatar-fallback"
              data-testid="PersonIcon"
              focusable="false"
              viewBox="0 0 24 24"
            >
              <path
                d="M12 12c2.21 0 4-1.79 4-4s-1.79-4-4-4-4 1.79-4 4 1.79 4 4 4zm0 2c-2.67 0-8 1.34-8 4v2h16v-2c0-2.66-5.33-4-8-4z"
              />
            </svg>
          </div>
          <div
            class="MuiBox-root css-5xjxzk"
          />
        </div>
        <div
          class="MuiStack-root css-1bf8ut2-JoyStack-root"
        >
          <div
            class="MuiBox-root css-5xjxzk"
          />
          <div
            class="MuiBox-root css-1v04on9"
          />
        </div>
        <div
          class="MuiBox-root css-5xjxzk"
        />
      </article>
    </div>
  </body>,
  "container": <div>
    <h4
      class="MuiTypography-root MuiTypography-h4 css-nk02qn-JoyTypography-root"
    >
      Comments
    </h4>
    <hr
      class="MuiDivider-root MuiDivider-horizontal css-10w8je6-JoyDivider-root"
    />
    <article
      class="MuiStack-root css-19myurg-JoyStack-root"
      data-testid="comment-skeleton"
    >
      <div
        class="MuiStack-root css-1fpcv8p-JoyStack-root"
      >
        <div
          class="MuiAvatar-root MuiAvatar-variantSolid MuiAvatar-colorNeutral MuiAvatar-sizeMd css-ayhc9u-JoyAvatar-root"
        >
          <svg
            aria-hidden="true"
            class="MuiSvgIcon-root MuiSvgIcon-colorInherit MuiSvgIcon-fontSizeXl MuiAvatar-fallback css-31hyst-JoySvgIcon-root-JoyAvatar-fallback"
            data-testid="PersonIcon"
            focusable="false"
            viewBox="0 0 24 24"
          >
            <path
              d="M12 12c2.21 0 4-1.79 4-4s-1.79-4-4-4-4 1.79-4 4 1.79 4 4 4zm0 2c-2.67 0-8 1.34-8 4v2h16v-2c0-2.66-5.33-4-8-4z"
            />
          </svg>
        </div>
        <div
          class="MuiBox-root css-5xjxzk"
        />
      </div>
      <div
        class="MuiStack-root css-1bf8ut2-JoyStack-root"
      >
        <div
          class="MuiBox-root css-5xjxzk"
        />
        <div
          class="MuiBox-root css-1v04on9"
        />
      </div>
      <div
        class="MuiBox-root css-5xjxzk"
      />
    </article>
    <article
      class="MuiStack-root css-19myurg-JoyStack-root"
      data-testid="comment-skeleton"
    >
      <div
        class="MuiStack-root css-1fpcv8p-JoyStack-root"
      >
        <div
          class="MuiAvatar-root MuiAvatar-variantSolid MuiAvatar-colorNeutral MuiAvatar-sizeMd css-ayhc9u-JoyAvatar-root"
        >
          <svg
            aria-hidden="true"
            class="MuiSvgIcon-root MuiSvgIcon-colorInherit MuiSvgIcon-fontSizeXl MuiAvatar-fallback css-31hyst-JoySvgIcon-root-JoyAvatar-fallback"
            data-testid="PersonIcon"
            focusable="false"
            viewBox="0 0 24 24"
          >
            <path
              d="M12 12c2.21 0 4-1.79 4-4s-1.79-4-4-4-4 1.79-4 4 1.79 4 4 4zm0 2c-2.67 0-8 1.34-8 4v2h16v-2c0-2.66-5.33-4-8-4z"
            />
          </svg>
        </div>
        <div
          class="MuiBox-root css-5xjxzk"
        />
      </div>
      <div
        class="MuiStack-root css-1bf8ut2-JoyStack-root"
      >
        <div
          class="MuiBox-root css-5xjxzk"
        />
        <div
          class="MuiBox-root css-1v04on9"
        />
      </div>
      <div
        class="MuiBox-root css-5xjxzk"
      />
    </article>
    <article
      class="MuiStack-root css-19myurg-JoyStack-root"
      data-testid="comment-skeleton"
    >
      <div
        class="MuiStack-root css-1fpcv8p-JoyStack-root"
      >
        <div
          class="MuiAvatar-root MuiAvatar-variantSolid MuiAvatar-colorNeutral MuiAvatar-sizeMd css-ayhc9u-JoyAvatar-root"
        >
          <svg
            aria-hidden="true"
            class="MuiSvgIcon-root MuiSvgIcon-colorInherit MuiSvgIcon-fontSizeXl MuiAvatar-fallback css-31hyst-JoySvgIcon-root-JoyAvatar-fallback"
            data-testid="PersonIcon"
            focusable="false"
            viewBox="0 0 24 24"
          >
            <path
              d="M12 12c2.21 0 4-1.79 4-4s-1.79-4-4-4-4 1.79-4 4 1.79 4 4 4zm0 2c-2.67 0-8 1.34-8 4v2h16v-2c0-2.66-5.33-4-8-4z"
            />
          </svg>
        </div>
        <div
          class="MuiBox-root css-5xjxzk"
        />
      </div>
      <div
        class="MuiStack-root css-1bf8ut2-JoyStack-root"
      >
        <div
          class="MuiBox-root css-5xjxzk"
        />
        <div
          class="MuiBox-root css-1v04on9"
        />
      </div>
      <div
        class="MuiBox-root css-5xjxzk"
      />
    </article>
    <article
      class="MuiStack-root css-19myurg-JoyStack-root"
      data-testid="comment-skeleton"
    >
      <div
        class="MuiStack-root css-1fpcv8p-JoyStack-root"
      >
        <div
          class="MuiAvatar-root MuiAvatar-variantSolid MuiAvatar-colorNeutral MuiAvatar-sizeMd css-ayhc9u-JoyAvatar-root"
        >
          <svg
            aria-hidden="true"
            class="MuiSvgIcon-root MuiSvgIcon-colorInherit MuiSvgIcon-fontSizeXl MuiAvatar-fallback css-31hyst-JoySvgIcon-root-JoyAvatar-fallback"
            data-testid="PersonIcon"
            focusable="false"
            viewBox="0 0 24 24"
          >
            <path
              d="M12 12c2.21 0 4-1.79 4-4s-1.79-4-4-4-4 1.79-4 4 1.79 4 4 4zm0 2c-2.67 0-8 1.34-8 4v2h16v-2c0-2.66-5.33-4-8-4z"
            />
          </svg>
        </div>
        <div
          class="MuiBox-root css-5xjxzk"
        />
      </div>
      <div
        class="MuiStack-root css-1bf8ut2-JoyStack-root"
      >
        <div
          class="MuiBox-root css-5xjxzk"
        />
        <div
          class="MuiBox-root css-1v04on9"
        />
      </div>
      <div
        class="MuiBox-root css-5xjxzk"
      />
    </article>
    <article
      class="MuiStack-root css-19myurg-JoyStack-root"
      data-testid="comment-skeleton"
    >
      <div
        class="MuiStack-root css-1fpcv8p-JoyStack-root"
      >
        <div
          class="MuiAvatar-root MuiAvatar-variantSolid MuiAvatar-colorNeutral MuiAvatar-sizeMd css-ayhc9u-JoyAvatar-root"
        >
          <svg
            aria-hidden="true"
            class="MuiSvgIcon-root MuiSvgIcon-colorInherit MuiSvgIcon-fontSizeXl MuiAvatar-fallback css-31hyst-JoySvgIcon-root-JoyAvatar-fallback"
            data-testid="PersonIcon"
            focusable="false"
            viewBox="0 0 24 24"
          >
            <path
              d="M12 12c2.21 0 4-1.79 4-4s-1.79-4-4-4-4 1.79-4 4 1.79 4 4 4zm0 2c-2.67 0-8 1.34-8 4v2h16v-2c0-2.66-5.33-4-8-4z"
            />
          </svg>
        </div>
        <div
          class="MuiBox-root css-5xjxzk"
        />
      </div>
      <div
        class="MuiStack-root css-1bf8ut2-JoyStack-root"
      >
        <div
          class="MuiBox-root css-5xjxzk"
        />
        <div
          class="MuiBox-root css-1v04on9"
        />
      </div>
      <div
        class="MuiBox-root css-5xjxzk"
      />
    </article>
    <article
      class="MuiStack-root css-19myurg-JoyStack-root"
      data-testid="comment-skeleton"
    >
      <div
        class="MuiStack-root css-1fpcv8p-JoyStack-root"
      >
        <div
          class="MuiAvatar-root MuiAvatar-variantSolid MuiAvatar-colorNeutral MuiAvatar-sizeMd css-ayhc9u-JoyAvatar-root"
        >
          <svg
            aria-hidden="true"
            class="MuiSvgIcon-root MuiSvgIcon-colorInherit MuiSvgIcon-fontSizeXl MuiAvatar-fallback css-31hyst-JoySvgIcon-root-JoyAvatar-fallback"
            data-testid="PersonIcon"
            focusable="false"
            viewBox="0 0 24 24"
          >
            <path
              d="M12 12c2.21 0 4-1.79 4-4s-1.79-4-4-4-4 1.79-4 4 1.79 4 4 4zm0 2c-2.67 0-8 1.34-8 4v2h16v-2c0-2.66-5.33-4-8-4z"
            />
          </svg>
        </div>
        <div
          class="MuiBox-root css-5xjxzk"
        />
      </div>
      <div
        class="MuiStack-root css-1bf8ut2-JoyStack-root"
      >
        <div
          class="MuiBox-root css-5xjxzk"
        />
        <div
          class="MuiBox-root css-1v04on9"
        />
      </div>
      <div
        class="MuiBox-root css-5xjxzk"
      />
    </article>
    <article
      class="MuiStack-root css-19myurg-JoyStack-root"
      data-testid="comment-skeleton"
    >
      <div
        class="MuiStack-root css-1fpcv8p-JoyStack-root"
      >
        <div
          class="MuiAvatar-root MuiAvatar-variantSolid MuiAvatar-colorNeutral MuiAvatar-sizeMd css-ayhc9u-JoyAvatar-root"
        >
          <svg
            aria-hidden="true"
            class="MuiSvgIcon-root MuiSvgIcon-colorInherit MuiSvgIcon-fontSizeXl MuiAvatar-fallback css-31hyst-JoySvgIcon-root-JoyAvatar-fallback"
            data-testid="PersonIcon"
            focusable="false"
            viewBox="0 0 24 24"
          >
            <path
              d="M12 12c2.21 0 4-1.79 4-4s-1.79-4-4-4-4 1.79-4 4 1.79 4 4 4zm0 2c-2.67 0-8 1.34-8 4v2h16v-2c0-2.66-5.33-4-8-4z"
            />
          </svg>
        </div>
        <div
          class="MuiBox-root css-5xjxzk"
        />
      </div>
      <div
        class="MuiStack-root css-1bf8ut2-JoyStack-root"
      >
        <div
          class="MuiBox-root css-5xjxzk"
        />
        <div
          class="MuiBox-root css-1v04on9"
        />
      </div>
      <div
        class="MuiBox-root css-5xjxzk"
      />
    </article>
    <article
      class="MuiStack-root css-19myurg-JoyStack-root"
      data-testid="comment-skeleton"
    >
      <div
        class="MuiStack-root css-1fpcv8p-JoyStack-root"
      >
        <div
          class="MuiAvatar-root MuiAvatar-variantSolid MuiAvatar-colorNeutral MuiAvatar-sizeMd css-ayhc9u-JoyAvatar-root"
        >
          <svg
            aria-hidden="true"
            class="MuiSvgIcon-root MuiSvgIcon-colorInherit MuiSvgIcon-fontSizeXl MuiAvatar-fallback css-31hyst-JoySvgIcon-root-JoyAvatar-fallback"
            data-testid="PersonIcon"
            focusable="false"
            viewBox="0 0 24 24"
          >
            <path
              d="M12 12c2.21 0 4-1.79 4-4s-1.79-4-4-4-4 1.79-4 4 1.79 4 4 4zm0 2c-2.67 0-8 1.34-8 4v2h16v-2c0-2.66-5.33-4-8-4z"
            />
          </svg>
        </div>
        <div
          class="MuiBox-root css-5xjxzk"
        />
      </div>
      <div
        class="MuiStack-root css-1bf8ut2-JoyStack-root"
      >
        <div
          class="MuiBox-root css-5xjxzk"
        />
        <div
          class="MuiBox-root css-1v04on9"
        />
      </div>
      <div
        class="MuiBox-root css-5xjxzk"
      />
    </article>
  </div>,
  "debug": [Function],
  "findAllByAltText": [Function],
  "findAllByDisplayValue": [Function],
  "findAllByLabelText": [Function],
  "findAllByPlaceholderText": [Function],
  "findAllByRole": [Function],
  "findAllByTestId": [Function],
  "findAllByText": [Function],
  "findAllByTitle": [Function],
  "findByAltText": [Function],
  "findByDisplayValue": [Function],
  "findByLabelText": [Function],
  "findByPlaceholderText": [Function],
  "findByRole": [Function],
  "findByTestId": [Function],
  "findByText": [Function],
  "findByTitle": [Function],
  "getAllByAltText": [Function],
  "getAllByDisplayValue": [Function],
  "getAllByLabelText": [Function],
  "getAllByPlaceholderText": [Function],
  "getAllByRole": [Function],
  "getAllByTestId": [Function],
  "getAllByText": [Function],
  "getAllByTitle": [Function],
  "getByAltText": [Function],
  "getByDisplayValue": [Function],
  "getByLabelText": [Function],
  "getByPlaceholderText": [Function],
  "getByRole": [Function],
  "getByTestId": [Function],
  "getByText": [Function],
  "getByTitle": [Function],
  "queryAllByAltText": [Function],
  "queryAllByDisplayValue": [Function],
  "queryAllByLabelText": [Function],
  "queryAllByPlaceholderText": [Function],
  "queryAllByRole": [Function],
  "queryAllByTestId": [Function],
  "queryAllByText": [Function],
  "queryAllByTitle": [Function],
  "queryByAltText": [Function],
  "queryByDisplayValue": [Function],
  "queryByLabelText": [Function],
  "queryByPlaceholderText": [Function],
  "queryByRole": [Function],
  "queryByTestId": [Function],
  "queryByText": [Function],
  "queryByTitle": [Function],
  "rerender": [Function],
  "unmount": [Function],
}
`;
