// Vitest Snapshot v1, https://vitest.dev/guide/snapshot.html

exports[`AlbumsTable > should match snapshot 1`] = `
{
  "asFragment": [Function],
  "baseElement": <body>
    <div>
      <table
        aria-label="albums table"
        class="MuiTable-root MuiTable-stickyHeader MuiTable-borderAxisNone MuiTable-variantPlain MuiTable-colorNeutral MuiTable-sizeMd css-rokh38-JoyTable-root"
      >
        <thead>
          <tr>
            <th>
              #
            </th>
            <th>
              Image
            </th>
            <th>
              Title
            </th>
            <th>
              Artist
            </th>
          </tr>
        </thead>
        <tbody>
          <tr>
            <td>
              1
            </td>
            <td>
              <img
                alt="Title 1 album image"
                src="https://picsum.photos"
              />
            </td>
            <td>
              Title 1
            </td>
            <td>
              Artist 1
            </td>
          </tr>
          <tr>
            <td>
              2
            </td>
            <td>
              <img
                alt="Title 2 album image"
                src="https://picsum.photos"
              />
            </td>
            <td>
              Title 2
            </td>
            <td>
              Artist 2
            </td>
          </tr>
          <tr>
            <td>
              3
            </td>
            <td>
              <img
                alt="Title 3 album image"
                src="https://picsum.photos"
              />
            </td>
            <td>
              Title 3
            </td>
            <td>
              Artist 3
            </td>
          </tr>
        </tbody>
      </table>
    </div>
  </body>,
  "container": <div>
    <table
      aria-label="albums table"
      class="MuiTable-root MuiTable-stickyHeader MuiTable-borderAxisNone MuiTable-variantPlain MuiTable-colorNeutral MuiTable-sizeMd css-rokh38-JoyTable-root"
    >
      <thead>
        <tr>
          <th>
            #
          </th>
          <th>
            Image
          </th>
          <th>
            Title
          </th>
          <th>
            Artist
          </th>
        </tr>
      </thead>
      <tbody>
        <tr>
          <td>
            1
          </td>
          <td>
            <img
              alt="Title 1 album image"
              src="https://picsum.photos"
            />
          </td>
          <td>
            Title 1
          </td>
          <td>
            Artist 1
          </td>
        </tr>
        <tr>
          <td>
            2
          </td>
          <td>
            <img
              alt="Title 2 album image"
              src="https://picsum.photos"
            />
          </td>
          <td>
            Title 2
          </td>
          <td>
            Artist 2
          </td>
        </tr>
        <tr>
          <td>
            3
          </td>
          <td>
            <img
              alt="Title 3 album image"
              src="https://picsum.photos"
            />
          </td>
          <td>
            Title 3
          </td>
          <td>
            Artist 3
          </td>
        </tr>
      </tbody>
    </table>
  </div>,
  "debug": [Function],
  "findAllByAltText": [Function],
  "findAllByDisplayValue": [Function],
  "findAllByLabelText": [Function],
  "findAllByPlaceholderText": [Function],
  "findAllByRole": [Function],
  "findAllByTestId": [Function],
  "findAllByText": [Function],
  "findAllByTitle": [Function],
  "findByAltText": [Function],
  "findByDisplayValue": [Function],
  "findByLabelText": [Function],
  "findByPlaceholderText": [Function],
  "findByRole": [Function],
  "findByTestId": [Function],
  "findByText": [Function],
  "findByTitle": [Function],
  "getAllByAltText": [Function],
  "getAllByDisplayValue": [Function],
  "getAllByLabelText": [Function],
  "getAllByPlaceholderText": [Function],
  "getAllByRole": [Function],
  "getAllByTestId": [Function],
  "getAllByText": [Function],
  "getAllByTitle": [Function],
  "getByAltText": [Function],
  "getByDisplayValue": [Function],
  "getByLabelText": [Function],
  "getByPlaceholderText": [Function],
  "getByRole": [Function],
  "getByTestId": [Function],
  "getByText": [Function],
  "getByTitle": [Function],
  "queryAllByAltText": [Function],
  "queryAllByDisplayValue": [Function],
  "queryAllByLabelText": [Function],
  "queryAllByPlaceholderText": [Function],
  "queryAllByRole": [Function],
  "queryAllByTestId": [Function],
  "queryAllByText": [Function],
  "queryAllByTitle": [Function],
  "queryByAltText": [Function],
  "queryByDisplayValue": [Function],
  "queryByLabelText": [Function],
  "queryByPlaceholderText": [Function],
  "queryByRole": [Function],
  "queryByTestId": [Function],
  "queryByText": [Function],
  "queryByTitle": [Function],
  "rerender": [Function],
  "unmount": [Function],
}
`;
